../Core/Src/main.cpp:98:12:int __io_putchar(int)	16	static
../Core/Src/main.cpp:128:8:void OLED::set_I2C_Address(unsigned char)	16	static
../Core/Src/main.cpp:132:17:unsigned char OLED::get_I2C_Address()	16	static
../Core/Src/main.cpp:137:8:void OLED::oled_WriteCommand(uint8_t)	32	static
../Core/Src/main.cpp:159:8:void OLED::oled_WriteData(uint8_t*, size_t)	40	static
../Core/Src/main.cpp:176:8:void OLED::drawPixel(uint8_t, uint8_t, SSD1306_COLOR)	16	static
../Core/Src/main.cpp:197:8:char OLED::writeChar(char, FontDef, SSD1306_COLOR)	40	static
../Core/Src/main.cpp:237:8:char OLED::writeString(char*, FontDef, SSD1306_COLOR)	32	static
../Core/Src/main.cpp:255:8:void OLED::SetCursor(uint8_t, uint8_t)	16	static
../Core/Src/main.cpp:261:8:void OLED::fillScreen(SSD1306_COLOR)	24	static
../Core/Src/main.cpp:274:8:void OLED::updateScreen()	24	static
../Core/Src/main.cpp:298:8:void OLED::set_Color(SSD1306_COLOR)	16	static
../Core/Src/main.cpp:314:6:void init_OLED_Screens(OLED&, OLED&)	16	static
../Core/Src/main.cpp:112:7:OLED::OLED()	16	static
../Core/Src/main.cpp:438:5:int main()	80	static
../Core/Src/main.cpp:575:6:void SystemClock_Config()	88	static
../Core/Src/main.cpp:617:13:void MX_I2C1_Init()	8	static
../Core/Src/main.cpp:651:13:void MX_USART2_UART_Init()	8	static
../Core/Src/main.cpp:684:13:void MX_GPIO_Init()	40	static
../Core/Src/main.cpp:715:6:void StartTask1(void*)	128	static
../Core/Src/main.cpp:751:6:void StartTask2(void*)	128	static
../Core/Src/main.cpp:780:6:void HAL_TIM_PeriodElapsedCallback(TIM_HandleTypeDef*)	16	static
../Core/Src/main.cpp:798:6:void Error_Handler()	4	static,ignoring_inline_asm
../Core/Src/main.cpp:807:1:void __static_initialization_and_destruction_0(int, int)	16	static
../Core/Src/main.cpp:807:1:cpp)	8	static
